[15:14:05] [MONITOR] Monitor started for PID 941372  interval_sec=300  max_wait_hours=72.0
[15:19:05] [MONITOR] CHECKPOINT MON-0001  process_alive=True  cpu_ticks_total=2  cpu_tick_delta=0  artifact_status=found  training_result=/home/iredkach/Downloads/bola/bolaAi/models/adapters/qlora_20260410T131918Z/training_result.json  step=7/540  pct_done=1.3%  loss=2.2872  eta=29h 42m 5s  elapsed_min=24m  mem_available_gb=5.0  decision=completed
[15:19:05] [MONITOR] Training COMPLETED. Artifacts verified.
[15:25:57] [MONITOR] Monitor started for PID 941372  interval_sec=300  max_wait_hours=72.0
[15:30:57] [MONITOR] CHECKPOINT MON-0001  process_alive=True  cpu_ticks_total=2  cpu_tick_delta=0  artifact_status=pending  training_result=  step=10/540  pct_done=1.9%  loss=2.2069  eta=30h 14m 2s  elapsed_min=36m  mem_available_gb=5.1  decision=intervene
[15:30:57] [MONITOR] WARNING: No CPU progress detected. Process may be stuck (waiting for IO/swap).
[15:30:57] [MONITOR] Continuing watch — will flag again if persists next checkpoint.
[15:35:57] [MONITOR] CHECKPOINT MON-0002  process_alive=True  cpu_ticks_total=2  cpu_tick_delta=0  artifact_status=pending  training_result=  step=12/540  pct_done=2.2%  loss=2.7965  eta=29h 36m 13s  elapsed_min=41m  mem_available_gb=4.6  decision=intervene
[15:35:57] [MONITOR] WARNING: No CPU progress detected. Process may be stuck (waiting for IO/swap).
[15:35:57] [MONITOR] Continuing watch — will flag again if persists next checkpoint.
[15:40:57] [MONITOR] CHECKPOINT MON-0003  process_alive=True  cpu_ticks_total=2  cpu_tick_delta=0  artifact_status=pending  training_result=  step=13/540  pct_done=2.4%  loss=2.6504  eta=29h 34m 21s  elapsed_min=46m  mem_available_gb=5.5  decision=intervene
[15:40:57] [MONITOR] WARNING: No CPU progress detected. Process may be stuck (waiting for IO/swap).
[15:40:57] [MONITOR] Continuing watch — will flag again if persists next checkpoint.
[15:45:57] [MONITOR] CHECKPOINT MON-0004  process_alive=True  cpu_ticks_total=2  cpu_tick_delta=0  artifact_status=pending  training_result=  step=15/540  pct_done=2.8%  loss=1.8370  eta=29h 5m 29s  elapsed_min=51m  mem_available_gb=4.6  decision=intervene
[15:45:57] [MONITOR] WARNING: No CPU progress detected. Process may be stuck (waiting for IO/swap).
[15:45:57] [MONITOR] Continuing watch — will flag again if persists next checkpoint.
[15:50:57] [MONITOR] CHECKPOINT MON-0005  process_alive=True  cpu_ticks_total=2  cpu_tick_delta=0  artifact_status=pending  training_result=  step=16/540  pct_done=3.0%  loss=1.9905  eta=29h 6m 20s  elapsed_min=56m  mem_available_gb=5.5  decision=intervene
[15:50:57] [MONITOR] WARNING: No CPU progress detected. Process may be stuck (waiting for IO/swap).
[15:50:57] [MONITOR] Continuing watch — will flag again if persists next checkpoint.
[15:55:57] [MONITOR] CHECKPOINT MON-0006  process_alive=True  cpu_ticks_total=2  cpu_tick_delta=0  artifact_status=pending  training_result=  step=18/540  pct_done=3.3%  loss=1.7457  eta=28h 58m 14s  elapsed_min=61m  mem_available_gb=5.2  decision=intervene
[15:55:57] [MONITOR] WARNING: No CPU progress detected. Process may be stuck (waiting for IO/swap).
[15:55:57] [MONITOR] Continuing watch — will flag again if persists next checkpoint.
